// Jest Snapshot v1, https://goo.gl/fbAQLP

exports[`CitiesList correctly renders 1`] = `
<li
  className="locations__item"
  onClick={[Function]}
>
  <a
    className="locations__item-link tabs__item tabs__item--active"
  >
    <span />
  </a>
</li>
`;
